[INFO] Scanning for projects...
[INFO] 
[INFO] -------------------< edu.cit.bayonas:citmedconnect >--------------------
[INFO] Building citmedconnect 0.0.1-SNAPSHOT
[INFO]   from pom.xml
[INFO] --------------------------------[ jar ]---------------------------------
[INFO] 
[INFO] --- resources:3.3.1:resources (default-resources) @ citmedconnect ---
[INFO] Copying 1 resource from src\main\resources to target\classes
[INFO] Copying 0 resource from src\main\resources to target\classes
[INFO] 
[INFO] --- compiler:3.14.1:compile (default-compile) @ citmedconnect ---
[INFO] Recompiling the module because of changed source code.
[INFO] Compiling 39 source files with javac [debug parameters release 17] to target\classes
[INFO] -------------------------------------------------------------
[ERROR] COMPILATION ERROR : 
[INFO] -------------------------------------------------------------
[ERROR] /c:/Users/JAYLORD/OneDrive/Desktop/IT342-Bayonas-CitMedConnect/backend/src/main/java/edu/cit/bayonas/citmedconnect/controller/AppointmentController.java:[4,44] cannot find symbol
  symbol:   class UserEntity
  location: package edu.cit.bayonas.citmedconnect.entity
[ERROR] /c:/Users/JAYLORD/OneDrive/Desktop/IT342-Bayonas-CitMedConnect/backend/src/main/java/edu/cit/bayonas/citmedconnect/repository/UserRepository.java:[8,44] cannot find symbol
  symbol:   class UserEntity
  location: package edu.cit.bayonas.citmedconnect.entity
[ERROR] /c:/Users/JAYLORD/OneDrive/Desktop/IT342-Bayonas-CitMedConnect/backend/src/main/java/edu/cit/bayonas/citmedconnect/repository/UserRepository.java:[11,55] cannot find symbol
  symbol: class UserEntity
[ERROR] /c:/Users/JAYLORD/OneDrive/Desktop/IT342-Bayonas-CitMedConnect/backend/src/main/java/edu/cit/bayonas/citmedconnect/entity/AppointmentEntity.java:[17,13] cannot find symbol
  symbol:   class UserEntity
  location: class edu.cit.bayonas.citmedconnect.entity.AppointmentEntity
[ERROR] /c:/Users/JAYLORD/OneDrive/Desktop/IT342-Bayonas-CitMedConnect/backend/src/main/java/edu/cit/bayonas/citmedconnect/entity/AppointmentEntity.java:[40,30] cannot find symbol
  symbol:   class UserEntity
  location: class edu.cit.bayonas.citmedconnect.entity.AppointmentEntity
[ERROR] /c:/Users/JAYLORD/OneDrive/Desktop/IT342-Bayonas-CitMedConnect/backend/src/main/java/edu/cit/bayonas/citmedconnect/entity/AppointmentEntity.java:[55,12] cannot find symbol
  symbol:   class UserEntity
  location: class edu.cit.bayonas.citmedconnect.entity.AppointmentEntity
[ERROR] /c:/Users/JAYLORD/OneDrive/Desktop/IT342-Bayonas-CitMedConnect/backend/src/main/java/edu/cit/bayonas/citmedconnect/entity/AppointmentEntity.java:[59,25] cannot find symbol
  symbol:   class UserEntity
  location: class edu.cit.bayonas.citmedconnect.entity.AppointmentEntity
[ERROR] /c:/Users/JAYLORD/OneDrive/Desktop/IT342-Bayonas-CitMedConnect/backend/src/main/java/edu/cit/bayonas/citmedconnect/entity/TimeSlot.java:[30,13] cannot find symbol
  symbol:   class UserEntity
  location: class edu.cit.bayonas.citmedconnect.entity.TimeSlot
[ERROR] /c:/Users/JAYLORD/OneDrive/Desktop/IT342-Bayonas-CitMedConnect/backend/src/main/java/edu/cit/bayonas/citmedconnect/entity/TimeSlot.java:[68,12] cannot find symbol
  symbol:   class UserEntity
  location: class edu.cit.bayonas.citmedconnect.entity.TimeSlot
[ERROR] /c:/Users/JAYLORD/OneDrive/Desktop/IT342-Bayonas-CitMedConnect/backend/src/main/java/edu/cit/bayonas/citmedconnect/entity/TimeSlot.java:[72,26] cannot find symbol
  symbol:   class UserEntity
  location: class edu.cit.bayonas.citmedconnect.entity.TimeSlot
[ERROR] /c:/Users/JAYLORD/OneDrive/Desktop/IT342-Bayonas-CitMedConnect/backend/src/main/java/edu/cit/bayonas/citmedconnect/repository/UserRepository.java:[13,5] cannot find symbol
  symbol:   class UserEntity
  location: interface edu.cit.bayonas.citmedconnect.repository.UserRepository
[ERROR] /c:/Users/JAYLORD/OneDrive/Desktop/IT342-Bayonas-CitMedConnect/backend/src/main/java/edu/cit/bayonas/citmedconnect/repository/UserRepository.java:[14,5] cannot find symbol
  symbol:   class UserEntity
  location: interface edu.cit.bayonas.citmedconnect.repository.UserRepository
[ERROR] /c:/Users/JAYLORD/OneDrive/Desktop/IT342-Bayonas-CitMedConnect/backend/src/main/java/edu/cit/bayonas/citmedconnect/repository/UserRepository.java:[15,10] cannot find symbol
  symbol:   class UserEntity
  location: interface edu.cit.bayonas.citmedconnect.repository.UserRepository
[ERROR] /c:/Users/JAYLORD/OneDrive/Desktop/IT342-Bayonas-CitMedConnect/backend/src/main/java/edu/cit/bayonas/citmedconnect/repository/UserRepository.java:[16,5] cannot find symbol
  symbol:   class UserEntity
  location: interface edu.cit.bayonas.citmedconnect.repository.UserRepository
[ERROR] /c:/Users/JAYLORD/OneDrive/Desktop/IT342-Bayonas-CitMedConnect/backend/src/main/java/edu/cit/bayonas/citmedconnect/entity/MedicalRecordEntity.java:[17,13] cannot find symbol
  symbol:   class UserEntity
  location: class edu.cit.bayonas.citmedconnect.entity.MedicalRecordEntity
[ERROR] /c:/Users/JAYLORD/OneDrive/Desktop/IT342-Bayonas-CitMedConnect/backend/src/main/java/edu/cit/bayonas/citmedconnect/entity/MedicalRecordEntity.java:[61,32] cannot find symbol
  symbol:   class UserEntity
  location: class edu.cit.bayonas.citmedconnect.entity.MedicalRecordEntity
[ERROR] /c:/Users/JAYLORD/OneDrive/Desktop/IT342-Bayonas-CitMedConnect/backend/src/main/java/edu/cit/bayonas/citmedconnect/entity/MedicalRecordEntity.java:[76,12] cannot find symbol
  symbol:   class UserEntity
  location: class edu.cit.bayonas.citmedconnect.entity.MedicalRecordEntity
[ERROR] /c:/Users/JAYLORD/OneDrive/Desktop/IT342-Bayonas-CitMedConnect/backend/src/main/java/edu/cit/bayonas/citmedconnect/entity/MedicalRecordEntity.java:[80,25] cannot find symbol
  symbol:   class UserEntity
  location: class edu.cit.bayonas.citmedconnect.entity.MedicalRecordEntity
[ERROR] /c:/Users/JAYLORD/OneDrive/Desktop/IT342-Bayonas-CitMedConnect/backend/src/main/java/edu/cit/bayonas/citmedconnect/controller/OAuth2Controller.java:[28,44] cannot find symbol
  symbol:   class UserEntity
  location: package edu.cit.bayonas.citmedconnect.entity
[ERROR] /c:/Users/JAYLORD/OneDrive/Desktop/IT342-Bayonas-CitMedConnect/backend/src/main/java/edu/cit/bayonas/citmedconnect/controller/TimeSlotController.java:[5,44] cannot find symbol
  symbol:   class UserEntity
  location: package edu.cit.bayonas.citmedconnect.entity
[ERROR] /c:/Users/JAYLORD/OneDrive/Desktop/IT342-Bayonas-CitMedConnect/backend/src/main/java/edu/cit/bayonas/citmedconnect/controller/TimeSlotController.java:[156,13] cannot find symbol
  symbol:   class UserEntity
  location: class edu.cit.bayonas.citmedconnect.controller.TimeSlotController
[ERROR] /c:/Users/JAYLORD/OneDrive/Desktop/IT342-Bayonas-CitMedConnect/backend/src/main/java/edu/cit/bayonas/citmedconnect/mapper/UserMapper.java:[6,44] cannot find symbol
  symbol:   class UserEntity
  location: package edu.cit.bayonas.citmedconnect.entity
[ERROR] /c:/Users/JAYLORD/OneDrive/Desktop/IT342-Bayonas-CitMedConnect/backend/src/main/java/edu/cit/bayonas/citmedconnect/mapper/UserMapper.java:[11,26] cannot find symbol
  symbol:   class UserEntity
  location: class edu.cit.bayonas.citmedconnect.mapper.UserMapper
[ERROR] /c:/Users/JAYLORD/OneDrive/Desktop/IT342-Bayonas-CitMedConnect/backend/src/main/java/edu/cit/bayonas/citmedconnect/mapper/UserMapper.java:[30,12] cannot find symbol
  symbol:   class UserEntity
  location: class edu.cit.bayonas.citmedconnect.mapper.UserMapper
[ERROR] /c:/Users/JAYLORD/OneDrive/Desktop/IT342-Bayonas-CitMedConnect/backend/src/main/java/edu/cit/bayonas/citmedconnect/mapper/UserMapper.java:[48,50] cannot find symbol
  symbol:   class UserEntity
  location: class edu.cit.bayonas.citmedconnect.mapper.UserMapper
[ERROR] /c:/Users/JAYLORD/OneDrive/Desktop/IT342-Bayonas-CitMedConnect/backend/src/main/java/edu/cit/bayonas/citmedconnect/service/UserService.java:[15,44] cannot find symbol
  symbol:   class UserEntity
  location: package edu.cit.bayonas.citmedconnect.entity
[ERROR] /c:/Users/JAYLORD/OneDrive/Desktop/IT342-Bayonas-CitMedConnect/backend/src/main/java/edu/cit/bayonas/citmedconnect/controller/AppointmentController.java:[134,9] cannot find symbol
  symbol:   class UserEntity
  location: class edu.cit.bayonas.citmedconnect.controller.AppointmentController
[ERROR] /c:/Users/JAYLORD/OneDrive/Desktop/IT342-Bayonas-CitMedConnect/backend/src/main/java/edu/cit/bayonas/citmedconnect/controller/OAuth2Controller.java:[81,13] cannot find symbol
  symbol:   class UserEntity
  location: class edu.cit.bayonas.citmedconnect.controller.OAuth2Controller
[ERROR] /c:/Users/JAYLORD/OneDrive/Desktop/IT342-Bayonas-CitMedConnect/backend/src/main/java/edu/cit/bayonas/citmedconnect/controller/TimeSlotController.java:[152,9] cannot find symbol
  symbol:   class UserEntity
  location: class edu.cit.bayonas.citmedconnect.controller.TimeSlotController
[ERROR] /c:/Users/JAYLORD/OneDrive/Desktop/IT342-Bayonas-CitMedConnect/backend/src/main/java/edu/cit/bayonas/citmedconnect/controller/TimeSlotController.java:[161,9] cannot find symbol
  symbol:   class UserEntity
  location: class edu.cit.bayonas.citmedconnect.controller.TimeSlotController
[ERROR] /c:/Users/JAYLORD/OneDrive/Desktop/IT342-Bayonas-CitMedConnect/backend/src/main/java/edu/cit/bayonas/citmedconnect/mapper/UserMapper.java:[35,9] cannot find symbol
  symbol:   class UserEntity
  location: class edu.cit.bayonas.citmedconnect.mapper.UserMapper
[ERROR] /c:/Users/JAYLORD/OneDrive/Desktop/IT342-Bayonas-CitMedConnect/backend/src/main/java/edu/cit/bayonas/citmedconnect/mapper/UserMapper.java:[35,33] cannot find symbol
  symbol:   class UserEntity
  location: class edu.cit.bayonas.citmedconnect.mapper.UserMapper
[ERROR] /c:/Users/JAYLORD/OneDrive/Desktop/IT342-Bayonas-CitMedConnect/backend/src/main/java/edu/cit/bayonas/citmedconnect/service/UserService.java:[36,9] cannot find symbol
  symbol:   class UserEntity
  location: class edu.cit.bayonas.citmedconnect.service.UserService
[ERROR] /c:/Users/JAYLORD/OneDrive/Desktop/IT342-Bayonas-CitMedConnect/backend/src/main/java/edu/cit/bayonas/citmedconnect/service/UserService.java:[42,9] cannot find symbol
  symbol:   class UserEntity
  location: class edu.cit.bayonas.citmedconnect.service.UserService
[ERROR] /c:/Users/JAYLORD/OneDrive/Desktop/IT342-Bayonas-CitMedConnect/backend/src/main/java/edu/cit/bayonas/citmedconnect/service/UserService.java:[49,25] incompatible types: inference variable T has incompatible bounds
    equality constraints: edu.cit.bayonas.citmedconnect.dto.UserDTO
    lower bounds: java.lang.Object
[ERROR] /c:/Users/JAYLORD/OneDrive/Desktop/IT342-Bayonas-CitMedConnect/backend/src/main/java/edu/cit/bayonas/citmedconnect/service/UserService.java:[53,9] cannot find symbol
  symbol:   class UserEntity
  location: class edu.cit.bayonas.citmedconnect.service.UserService
[ERROR] /c:/Users/JAYLORD/OneDrive/Desktop/IT342-Bayonas-CitMedConnect/backend/src/main/java/edu/cit/bayonas/citmedconnect/service/UserService.java:[58,9] cannot find symbol
  symbol:   class UserEntity
  location: class edu.cit.bayonas.citmedconnect.service.UserService
[ERROR] /c:/Users/JAYLORD/OneDrive/Desktop/IT342-Bayonas-CitMedConnect/backend/src/main/java/edu/cit/bayonas/citmedconnect/service/UserService.java:[62,9] cannot find symbol
  symbol:   class UserEntity
  location: class edu.cit.bayonas.citmedconnect.service.UserService
[ERROR] /c:/Users/JAYLORD/OneDrive/Desktop/IT342-Bayonas-CitMedConnect/backend/src/main/java/edu/cit/bayonas/citmedconnect/service/UserService.java:[68,9] cannot find symbol
  symbol:   class UserEntity
  location: class edu.cit.bayonas.citmedconnect.service.UserService
[ERROR] /c:/Users/JAYLORD/OneDrive/Desktop/IT342-Bayonas-CitMedConnect/backend/src/main/java/edu/cit/bayonas/citmedconnect/service/UserService.java:[72,9] cannot find symbol
  symbol:   class UserEntity
  location: class edu.cit.bayonas.citmedconnect.service.UserService
[ERROR] /c:/Users/JAYLORD/OneDrive/Desktop/IT342-Bayonas-CitMedConnect/backend/src/main/java/edu/cit/bayonas/citmedconnect/service/UserService.java:[83,18] incompatible types: java.lang.Object cannot be converted to org.springframework.http.ResponseEntity<java.util.Map<java.lang.String,java.lang.Boolean>>
[ERROR] /c:/Users/JAYLORD/OneDrive/Desktop/IT342-Bayonas-CitMedConnect/backend/src/main/java/edu/cit/bayonas/citmedconnect/service/UserService.java:[87,9] cannot find symbol
  symbol:   class UserEntity
  location: class edu.cit.bayonas.citmedconnect.service.UserService
[ERROR] /c:/Users/JAYLORD/OneDrive/Desktop/IT342-Bayonas-CitMedConnect/backend/src/main/java/edu/cit/bayonas/citmedconnect/service/UserService.java:[96,9] cannot find symbol
  symbol:   class UserEntity
  location: class edu.cit.bayonas.citmedconnect.service.UserService
[ERROR] /c:/Users/JAYLORD/OneDrive/Desktop/IT342-Bayonas-CitMedConnect/backend/src/main/java/edu/cit/bayonas/citmedconnect/service/UserService.java:[101,9] cannot find symbol
  symbol:   class UserEntity
  location: class edu.cit.bayonas.citmedconnect.service.UserService
[INFO] 44 errors 
[INFO] -------------------------------------------------------------
[INFO] ------------------------------------------------------------------------
[INFO] BUILD FAILURE
[INFO] ------------------------------------------------------------------------
[INFO] Total time:  2.018 s
[INFO] Finished at: 2026-05-07T16:28:05+08:00
[INFO] ------------------------------------------------------------------------
[ERROR] Failed to execute goal org.apache.maven.plugins:maven-compiler-plugin:3.14.1:compile (default-compile) on project citmedconnect: Compilation failure: Compilation failure: 
[ERROR] /c:/Users/JAYLORD/OneDrive/Desktop/IT342-Bayonas-CitMedConnect/backend/src/main/java/edu/cit/bayonas/citmedconnect/controller/AppointmentController.java:[4,44] cannot find symbol
[ERROR]   symbol:   class UserEntity
[ERROR]   location: package edu.cit.bayonas.citmedconnect.entity
[ERROR] /c:/Users/JAYLORD/OneDrive/Desktop/IT342-Bayonas-CitMedConnect/backend/src/main/java/edu/cit/bayonas/citmedconnect/repository/UserRepository.java:[8,44] cannot find symbol
[ERROR]   symbol:   class UserEntity
[ERROR]   location: package edu.cit.bayonas.citmedconnect.entity
[ERROR] /c:/Users/JAYLORD/OneDrive/Desktop/IT342-Bayonas-CitMedConnect/backend/src/main/java/edu/cit/bayonas/citmedconnect/repository/UserRepository.java:[11,55] cannot find symbol
[ERROR]   symbol: class UserEntity
[ERROR] /c:/Users/JAYLORD/OneDrive/Desktop/IT342-Bayonas-CitMedConnect/backend/src/main/java/edu/cit/bayonas/citmedconnect/entity/AppointmentEntity.java:[17,13] cannot find symbol
[ERROR]   symbol:   class UserEntity
[ERROR]   location: class edu.cit.bayonas.citmedconnect.entity.AppointmentEntity
[ERROR] /c:/Users/JAYLORD/OneDrive/Desktop/IT342-Bayonas-CitMedConnect/backend/src/main/java/edu/cit/bayonas/citmedconnect/entity/AppointmentEntity.java:[40,30] cannot find symbol
[ERROR]   symbol:   class UserEntity
[ERROR]   location: class edu.cit.bayonas.citmedconnect.entity.AppointmentEntity
[ERROR] /c:/Users/JAYLORD/OneDrive/Desktop/IT342-Bayonas-CitMedConnect/backend/src/main/java/edu/cit/bayonas/citmedconnect/entity/AppointmentEntity.java:[55,12] cannot find symbol
[ERROR]   symbol:   class UserEntity
[ERROR]   location: class edu.cit.bayonas.citmedconnect.entity.AppointmentEntity
[ERROR] /c:/Users/JAYLORD/OneDrive/Desktop/IT342-Bayonas-CitMedConnect/backend/src/main/java/edu/cit/bayonas/citmedconnect/entity/AppointmentEntity.java:[59,25] cannot find symbol
[ERROR]   symbol:   class UserEntity
[ERROR]   location: class edu.cit.bayonas.citmedconnect.entity.AppointmentEntity
[ERROR] /c:/Users/JAYLORD/OneDrive/Desktop/IT342-Bayonas-CitMedConnect/backend/src/main/java/edu/cit/bayonas/citmedconnect/entity/TimeSlot.java:[30,13] cannot find symbol
[ERROR]   symbol:   class UserEntity
[ERROR]   location: class edu.cit.bayonas.citmedconnect.entity.TimeSlot
[ERROR] /c:/Users/JAYLORD/OneDrive/Desktop/IT342-Bayonas-CitMedConnect/backend/src/main/java/edu/cit/bayonas/citmedconnect/entity/TimeSlot.java:[68,12] cannot find symbol
[ERROR]   symbol:   class UserEntity
[ERROR]   location: class edu.cit.bayonas.citmedconnect.entity.TimeSlot
[ERROR] /c:/Users/JAYLORD/OneDrive/Desktop/IT342-Bayonas-CitMedConnect/backend/src/main/java/edu/cit/bayonas/citmedconnect/entity/TimeSlot.java:[72,26] cannot find symbol
[ERROR]   symbol:   class UserEntity
[ERROR]   location: class edu.cit.bayonas.citmedconnect.entity.TimeSlot
[ERROR] /c:/Users/JAYLORD/OneDrive/Desktop/IT342-Bayonas-CitMedConnect/backend/src/main/java/edu/cit/bayonas/citmedconnect/repository/UserRepository.java:[13,5] cannot find symbol
[ERROR]   symbol:   class UserEntity
[ERROR]   location: interface edu.cit.bayonas.citmedconnect.repository.UserRepository
[ERROR] /c:/Users/JAYLORD/OneDrive/Desktop/IT342-Bayonas-CitMedConnect/backend/src/main/java/edu/cit/bayonas/citmedconnect/repository/UserRepository.java:[14,5] cannot find symbol
[ERROR]   symbol:   class UserEntity
[ERROR]   location: interface edu.cit.bayonas.citmedconnect.repository.UserRepository
[ERROR] /c:/Users/JAYLORD/OneDrive/Desktop/IT342-Bayonas-CitMedConnect/backend/src/main/java/edu/cit/bayonas/citmedconnect/repository/UserRepository.java:[15,10] cannot find symbol
[ERROR]   symbol:   class UserEntity
[ERROR]   location: interface edu.cit.bayonas.citmedconnect.repository.UserRepository
[ERROR] /c:/Users/JAYLORD/OneDrive/Desktop/IT342-Bayonas-CitMedConnect/backend/src/main/java/edu/cit/bayonas/citmedconnect/repository/UserRepository.java:[16,5] cannot find symbol
[ERROR]   symbol:   class UserEntity
[ERROR]   location: interface edu.cit.bayonas.citmedconnect.repository.UserRepository
[ERROR] /c:/Users/JAYLORD/OneDrive/Desktop/IT342-Bayonas-CitMedConnect/backend/src/main/java/edu/cit/bayonas/citmedconnect/entity/MedicalRecordEntity.java:[17,13] cannot find symbol
[ERROR]   symbol:   class UserEntity
[ERROR]   location: class edu.cit.bayonas.citmedconnect.entity.MedicalRecordEntity
[ERROR] /c:/Users/JAYLORD/OneDrive/Desktop/IT342-Bayonas-CitMedConnect/backend/src/main/java/edu/cit/bayonas/citmedconnect/entity/MedicalRecordEntity.java:[61,32] cannot find symbol
[ERROR]   symbol:   class UserEntity
[ERROR]   location: class edu.cit.bayonas.citmedconnect.entity.MedicalRecordEntity
[ERROR] /c:/Users/JAYLORD/OneDrive/Desktop/IT342-Bayonas-CitMedConnect/backend/src/main/java/edu/cit/bayonas/citmedconnect/entity/MedicalRecordEntity.java:[76,12] cannot find symbol
[ERROR]   symbol:   class UserEntity
[ERROR]   location: class edu.cit.bayonas.citmedconnect.entity.MedicalRecordEntity
[ERROR] /c:/Users/JAYLORD/OneDrive/Desktop/IT342-Bayonas-CitMedConnect/backend/src/main/java/edu/cit/bayonas/citmedconnect/entity/MedicalRecordEntity.java:[80,25] cannot find symbol
[ERROR]   symbol:   class UserEntity
[ERROR]   location: class edu.cit.bayonas.citmedconnect.entity.MedicalRecordEntity
[ERROR] /c:/Users/JAYLORD/OneDrive/Desktop/IT342-Bayonas-CitMedConnect/backend/src/main/java/edu/cit/bayonas/citmedconnect/controller/OAuth2Controller.java:[28,44] cannot find symbol
[ERROR]   symbol:   class UserEntity
[ERROR]   location: package edu.cit.bayonas.citmedconnect.entity
[ERROR] /c:/Users/JAYLORD/OneDrive/Desktop/IT342-Bayonas-CitMedConnect/backend/src/main/java/edu/cit/bayonas/citmedconnect/controller/TimeSlotController.java:[5,44] cannot find symbol
[ERROR]   symbol:   class UserEntity
[ERROR]   location: package edu.cit.bayonas.citmedconnect.entity
[ERROR] /c:/Users/JAYLORD/OneDrive/Desktop/IT342-Bayonas-CitMedConnect/backend/src/main/java/edu/cit/bayonas/citmedconnect/controller/TimeSlotController.java:[156,13] cannot find symbol
[ERROR]   symbol:   class UserEntity
[ERROR]   location: class edu.cit.bayonas.citmedconnect.controller.TimeSlotController
[ERROR] /c:/Users/JAYLORD/OneDrive/Desktop/IT342-Bayonas-CitMedConnect/backend/src/main/java/edu/cit/bayonas/citmedconnect/mapper/UserMapper.java:[6,44] cannot find symbol
[ERROR]   symbol:   class UserEntity
[ERROR]   location: package edu.cit.bayonas.citmedconnect.entity
[ERROR] /c:/Users/JAYLORD/OneDrive/Desktop/IT342-Bayonas-CitMedConnect/backend/src/main/java/edu/cit/bayonas/citmedconnect/mapper/UserMapper.java:[11,26] cannot find symbol
[ERROR]   symbol:   class UserEntity
[ERROR]   location: class edu.cit.bayonas.citmedconnect.mapper.UserMapper
[ERROR] /c:/Users/JAYLORD/OneDrive/Desktop/IT342-Bayonas-CitMedConnect/backend/src/main/java/edu/cit/bayonas/citmedconnect/mapper/UserMapper.java:[30,12] cannot find symbol
[ERROR]   symbol:   class UserEntity
[ERROR]   location: class edu.cit.bayonas.citmedconnect.mapper.UserMapper
[ERROR] /c:/Users/JAYLORD/OneDrive/Desktop/IT342-Bayonas-CitMedConnect/backend/src/main/java/edu/cit/bayonas/citmedconnect/mapper/UserMapper.java:[48,50] cannot find symbol
[ERROR]   symbol:   class UserEntity
[ERROR]   location: class edu.cit.bayonas.citmedconnect.mapper.UserMapper
[ERROR] /c:/Users/JAYLORD/OneDrive/Desktop/IT342-Bayonas-CitMedConnect/backend/src/main/java/edu/cit/bayonas/citmedconnect/service/UserService.java:[15,44] cannot find symbol
[ERROR]   symbol:   class UserEntity
[ERROR]   location: package edu.cit.bayonas.citmedconnect.entity
[ERROR] /c:/Users/JAYLORD/OneDrive/Desktop/IT342-Bayonas-CitMedConnect/backend/src/main/java/edu/cit/bayonas/citmedconnect/controller/AppointmentController.java:[134,9] cannot find symbol
[ERROR]   symbol:   class UserEntity
[ERROR]   location: class edu.cit.bayonas.citmedconnect.controller.AppointmentController
[ERROR] /c:/Users/JAYLORD/OneDrive/Desktop/IT342-Bayonas-CitMedConnect/backend/src/main/java/edu/cit/bayonas/citmedconnect/controller/OAuth2Controller.java:[81,13] cannot find symbol
[ERROR]   symbol:   class UserEntity
[ERROR]   location: class edu.cit.bayonas.citmedconnect.controller.OAuth2Controller
[ERROR] /c:/Users/JAYLORD/OneDrive/Desktop/IT342-Bayonas-CitMedConnect/backend/src/main/java/edu/cit/bayonas/citmedconnect/controller/TimeSlotController.java:[152,9] cannot find symbol
[ERROR]   symbol:   class UserEntity
[ERROR]   location: class edu.cit.bayonas.citmedconnect.controller.TimeSlotController
[ERROR] /c:/Users/JAYLORD/OneDrive/Desktop/IT342-Bayonas-CitMedConnect/backend/src/main/java/edu/cit/bayonas/citmedconnect/controller/TimeSlotController.java:[161,9] cannot find symbol
[ERROR]   symbol:   class UserEntity
[ERROR]   location: class edu.cit.bayonas.citmedconnect.controller.TimeSlotController
[ERROR] /c:/Users/JAYLORD/OneDrive/Desktop/IT342-Bayonas-CitMedConnect/backend/src/main/java/edu/cit/bayonas/citmedconnect/mapper/UserMapper.java:[35,9] cannot find symbol
[ERROR]   symbol:   class UserEntity
[ERROR]   location: class edu.cit.bayonas.citmedconnect.mapper.UserMapper
[ERROR] /c:/Users/JAYLORD/OneDrive/Desktop/IT342-Bayonas-CitMedConnect/backend/src/main/java/edu/cit/bayonas/citmedconnect/mapper/UserMapper.java:[35,33] cannot find symbol
[ERROR]   symbol:   class UserEntity
[ERROR]   location: class edu.cit.bayonas.citmedconnect.mapper.UserMapper
[ERROR] /c:/Users/JAYLORD/OneDrive/Desktop/IT342-Bayonas-CitMedConnect/backend/src/main/java/edu/cit/bayonas/citmedconnect/service/UserService.java:[36,9] cannot find symbol
[ERROR]   symbol:   class UserEntity
[ERROR]   location: class edu.cit.bayonas.citmedconnect.service.UserService
[ERROR] /c:/Users/JAYLORD/OneDrive/Desktop/IT342-Bayonas-CitMedConnect/backend/src/main/java/edu/cit/bayonas/citmedconnect/service/UserService.java:[42,9] cannot find symbol
[ERROR]   symbol:   class UserEntity
[ERROR]   location: class edu.cit.bayonas.citmedconnect.service.UserService
[ERROR] /c:/Users/JAYLORD/OneDrive/Desktop/IT342-Bayonas-CitMedConnect/backend/src/main/java/edu/cit/bayonas/citmedconnect/service/UserService.java:[49,25] incompatible types: inference variable T has incompatible bounds
[ERROR]     equality constraints: edu.cit.bayonas.citmedconnect.dto.UserDTO
[ERROR]     lower bounds: java.lang.Object
[ERROR] /c:/Users/JAYLORD/OneDrive/Desktop/IT342-Bayonas-CitMedConnect/backend/src/main/java/edu/cit/bayonas/citmedconnect/service/UserService.java:[53,9] cannot find symbol
[ERROR]   symbol:   class UserEntity
[ERROR]   location: class edu.cit.bayonas.citmedconnect.service.UserService
[ERROR] /c:/Users/JAYLORD/OneDrive/Desktop/IT342-Bayonas-CitMedConnect/backend/src/main/java/edu/cit/bayonas/citmedconnect/service/UserService.java:[58,9] cannot find symbol
[ERROR]   symbol:   class UserEntity
[ERROR]   location: class edu.cit.bayonas.citmedconnect.service.UserService
[ERROR] /c:/Users/JAYLORD/OneDrive/Desktop/IT342-Bayonas-CitMedConnect/backend/src/main/java/edu/cit/bayonas/citmedconnect/service/UserService.java:[62,9] cannot find symbol
[ERROR]   symbol:   class UserEntity
[ERROR]   location: class edu.cit.bayonas.citmedconnect.service.UserService
[ERROR] /c:/Users/JAYLORD/OneDrive/Desktop/IT342-Bayonas-CitMedConnect/backend/src/main/java/edu/cit/bayonas/citmedconnect/service/UserService.java:[68,9] cannot find symbol
[ERROR]   symbol:   class UserEntity
[ERROR]   location: class edu.cit.bayonas.citmedconnect.service.UserService
[ERROR] /c:/Users/JAYLORD/OneDrive/Desktop/IT342-Bayonas-CitMedConnect/backend/src/main/java/edu/cit/bayonas/citmedconnect/service/UserService.java:[72,9] cannot find symbol
[ERROR]   symbol:   class UserEntity
[ERROR]   location: class edu.cit.bayonas.citmedconnect.service.UserService
[ERROR] /c:/Users/JAYLORD/OneDrive/Desktop/IT342-Bayonas-CitMedConnect/backend/src/main/java/edu/cit/bayonas/citmedconnect/service/UserService.java:[83,18] incompatible types: java.lang.Object cannot be converted to org.springframework.http.ResponseEntity<java.util.Map<java.lang.String,java.lang.Boolean>>
[ERROR] /c:/Users/JAYLORD/OneDrive/Desktop/IT342-Bayonas-CitMedConnect/backend/src/main/java/edu/cit/bayonas/citmedconnect/service/UserService.java:[87,9] cannot find symbol
[ERROR]   symbol:   class UserEntity
[ERROR]   location: class edu.cit.bayonas.citmedconnect.service.UserService
[ERROR] /c:/Users/JAYLORD/OneDrive/Desktop/IT342-Bayonas-CitMedConnect/backend/src/main/java/edu/cit/bayonas/citmedconnect/service/UserService.java:[96,9] cannot find symbol
[ERROR]   symbol:   class UserEntity
[ERROR]   location: class edu.cit.bayonas.citmedconnect.service.UserService
[ERROR] /c:/Users/JAYLORD/OneDrive/Desktop/IT342-Bayonas-CitMedConnect/backend/src/main/java/edu/cit/bayonas/citmedconnect/service/UserService.java:[101,9] cannot find symbol
[ERROR]   symbol:   class UserEntity
[ERROR]   location: class edu.cit.bayonas.citmedconnect.service.UserService
[ERROR] -> [Help 1]
[ERROR] 
[ERROR] To see the full stack trace of the errors, re-run Maven with the -e switch.
[ERROR] Re-run Maven using the -X switch to enable full debug logging.
[ERROR] 
[ERROR] For more information about the errors and possible solutions, please read the following articles:
[ERROR] [Help 1] http://cwiki.apache.org/confluence/display/MAVEN/MojoFailureException
