[INFO] Scanning for projects...
[INFO] 
[INFO] -------------------< edu.cit.bayonas:citmedconnect >--------------------
[INFO] Building citmedconnect 0.0.1-SNAPSHOT
[INFO]   from pom.xml
[INFO] --------------------------------[ jar ]---------------------------------
[INFO] 
[INFO] --- resources:3.3.1:resources (default-resources) @ citmedconnect ---
[INFO] Copying 1 resource from src\main\resources to target\classes
[INFO] Copying 0 resource from src\main\resources to target\classes
[INFO] 
[INFO] --- compiler:3.14.1:compile (default-compile) @ citmedconnect ---
[INFO] Recompiling the module because of changed source code.
[INFO] Compiling 38 source files with javac [debug parameters release 17] to target\classes
[INFO] -------------------------------------------------------------
[ERROR] COMPILATION ERROR : 
[INFO] -------------------------------------------------------------
[ERROR] /c:/Users/JAYLORD/OneDrive/Desktop/IT342-Bayonas-CitMedConnect/backend/src/main/java/edu/cit/bayonas/citmedconnect/controller/AppointmentController.java:[4,44] cannot find symbol
  symbol:   class UserEntity
  location: package edu.cit.bayonas.citmedconnect.entity
[ERROR] /c:/Users/JAYLORD/OneDrive/Desktop/IT342-Bayonas-CitMedConnect/backend/src/main/java/edu/cit/bayonas/citmedconnect/controller/AppointmentController.java:[5,48] cannot find symbol
  symbol:   class UserRepository
  location: package edu.cit.bayonas.citmedconnect.repository
[ERROR] /c:/Users/JAYLORD/OneDrive/Desktop/IT342-Bayonas-CitMedConnect/backend/src/main/java/edu/cit/bayonas/citmedconnect/controller/AppointmentController.java:[25,13] cannot find symbol
  symbol:   class UserRepository
  location: class edu.cit.bayonas.citmedconnect.controller.AppointmentController
[ERROR] /c:/Users/JAYLORD/OneDrive/Desktop/IT342-Bayonas-CitMedConnect/backend/src/main/java/edu/cit/bayonas/citmedconnect/service/NotificationService.java:[17,48] cannot find symbol
  symbol:   class UserRepository
  location: package edu.cit.bayonas.citmedconnect.repository
[ERROR] /c:/Users/JAYLORD/OneDrive/Desktop/IT342-Bayonas-CitMedConnect/backend/src/main/java/edu/cit/bayonas/citmedconnect/service/NotificationService.java:[27,13] cannot find symbol
  symbol:   class UserRepository
  location: class edu.cit.bayonas.citmedconnect.service.NotificationService
[ERROR] /c:/Users/JAYLORD/OneDrive/Desktop/IT342-Bayonas-CitMedConnect/backend/src/main/java/edu/cit/bayonas/citmedconnect/service/MedicalRecordService.java:[9,48] cannot find symbol
  symbol:   class UserRepository
  location: package edu.cit.bayonas.citmedconnect.repository
[ERROR] /c:/Users/JAYLORD/OneDrive/Desktop/IT342-Bayonas-CitMedConnect/backend/src/main/java/edu/cit/bayonas/citmedconnect/service/MedicalRecordService.java:[28,13] cannot find symbol
  symbol:   class UserRepository
  location: class edu.cit.bayonas.citmedconnect.service.MedicalRecordService
[ERROR] /c:/Users/JAYLORD/OneDrive/Desktop/IT342-Bayonas-CitMedConnect/backend/src/main/java/edu/cit/bayonas/citmedconnect/mapper/MedicalRecordMapper.java:[7,48] cannot find symbol
  symbol:   class UserRepository
  location: package edu.cit.bayonas.citmedconnect.repository
[ERROR] /c:/Users/JAYLORD/OneDrive/Desktop/IT342-Bayonas-CitMedConnect/backend/src/main/java/edu/cit/bayonas/citmedconnect/mapper/MedicalRecordMapper.java:[16,13] cannot find symbol
  symbol:   class UserRepository
  location: class edu.cit.bayonas.citmedconnect.mapper.MedicalRecordMapper
[ERROR] /c:/Users/JAYLORD/OneDrive/Desktop/IT342-Bayonas-CitMedConnect/backend/src/main/java/edu/cit/bayonas/citmedconnect/controller/OAuth2Controller.java:[28,44] cannot find symbol
  symbol:   class UserEntity
  location: package edu.cit.bayonas.citmedconnect.entity
[ERROR] /c:/Users/JAYLORD/OneDrive/Desktop/IT342-Bayonas-CitMedConnect/backend/src/main/java/edu/cit/bayonas/citmedconnect/controller/TimeSlotController.java:[5,44] cannot find symbol
  symbol:   class UserEntity
  location: package edu.cit.bayonas.citmedconnect.entity
[ERROR] /c:/Users/JAYLORD/OneDrive/Desktop/IT342-Bayonas-CitMedConnect/backend/src/main/java/edu/cit/bayonas/citmedconnect/controller/TimeSlotController.java:[6,48] cannot find symbol
  symbol:   class UserRepository
  location: package edu.cit.bayonas.citmedconnect.repository
[ERROR] /c:/Users/JAYLORD/OneDrive/Desktop/IT342-Bayonas-CitMedConnect/backend/src/main/java/edu/cit/bayonas/citmedconnect/controller/TimeSlotController.java:[31,13] cannot find symbol
  symbol:   class UserRepository
  location: class edu.cit.bayonas.citmedconnect.controller.TimeSlotController
[ERROR] /c:/Users/JAYLORD/OneDrive/Desktop/IT342-Bayonas-CitMedConnect/backend/src/main/java/edu/cit/bayonas/citmedconnect/controller/TimeSlotController.java:[156,13] cannot find symbol
  symbol:   class UserEntity
  location: class edu.cit.bayonas.citmedconnect.controller.TimeSlotController
[ERROR] /c:/Users/JAYLORD/OneDrive/Desktop/IT342-Bayonas-CitMedConnect/backend/src/main/java/edu/cit/bayonas/citmedconnect/mapper/UserMapper.java:[6,44] cannot find symbol
  symbol:   class UserEntity
  location: package edu.cit.bayonas.citmedconnect.entity
[ERROR] /c:/Users/JAYLORD/OneDrive/Desktop/IT342-Bayonas-CitMedConnect/backend/src/main/java/edu/cit/bayonas/citmedconnect/mapper/UserMapper.java:[11,26] cannot find symbol
  symbol:   class UserEntity
  location: class edu.cit.bayonas.citmedconnect.mapper.UserMapper
[ERROR] /c:/Users/JAYLORD/OneDrive/Desktop/IT342-Bayonas-CitMedConnect/backend/src/main/java/edu/cit/bayonas/citmedconnect/mapper/UserMapper.java:[30,12] cannot find symbol
  symbol:   class UserEntity
  location: class edu.cit.bayonas.citmedconnect.mapper.UserMapper
[ERROR] /c:/Users/JAYLORD/OneDrive/Desktop/IT342-Bayonas-CitMedConnect/backend/src/main/java/edu/cit/bayonas/citmedconnect/mapper/UserMapper.java:[48,50] cannot find symbol
  symbol:   class UserEntity
  location: class edu.cit.bayonas.citmedconnect.mapper.UserMapper
[ERROR] /c:/Users/JAYLORD/OneDrive/Desktop/IT342-Bayonas-CitMedConnect/backend/src/main/java/edu/cit/bayonas/citmedconnect/service/UserService.java:[15,44] cannot find symbol
  symbol:   class UserEntity
  location: package edu.cit.bayonas.citmedconnect.entity
[ERROR] /c:/Users/JAYLORD/OneDrive/Desktop/IT342-Bayonas-CitMedConnect/backend/src/main/java/edu/cit/bayonas/citmedconnect/service/UserService.java:[17,48] cannot find symbol
  symbol:   class UserRepository
  location: package edu.cit.bayonas.citmedconnect.repository
[ERROR] /c:/Users/JAYLORD/OneDrive/Desktop/IT342-Bayonas-CitMedConnect/backend/src/main/java/edu/cit/bayonas/citmedconnect/service/UserService.java:[23,13] cannot find symbol
  symbol:   class UserRepository
  location: class edu.cit.bayonas.citmedconnect.service.UserService
[ERROR] /c:/Users/JAYLORD/OneDrive/Desktop/IT342-Bayonas-CitMedConnect/backend/src/main/java/edu/cit/bayonas/citmedconnect/controller/AppointmentController.java:[134,9] cannot find symbol
  symbol:   class UserEntity
  location: class edu.cit.bayonas.citmedconnect.controller.AppointmentController
[ERROR] /c:/Users/JAYLORD/OneDrive/Desktop/IT342-Bayonas-CitMedConnect/backend/src/main/java/edu/cit/bayonas/citmedconnect/controller/OAuth2Controller.java:[81,13] cannot find symbol
  symbol:   class UserEntity
  location: class edu.cit.bayonas.citmedconnect.controller.OAuth2Controller
[ERROR] /c:/Users/JAYLORD/OneDrive/Desktop/IT342-Bayonas-CitMedConnect/backend/src/main/java/edu/cit/bayonas/citmedconnect/controller/TimeSlotController.java:[152,9] cannot find symbol
  symbol:   class UserEntity
  location: class edu.cit.bayonas.citmedconnect.controller.TimeSlotController
[ERROR] /c:/Users/JAYLORD/OneDrive/Desktop/IT342-Bayonas-CitMedConnect/backend/src/main/java/edu/cit/bayonas/citmedconnect/controller/TimeSlotController.java:[161,9] cannot find symbol
  symbol:   class UserEntity
  location: class edu.cit.bayonas.citmedconnect.controller.TimeSlotController
[ERROR] /c:/Users/JAYLORD/OneDrive/Desktop/IT342-Bayonas-CitMedConnect/backend/src/main/java/edu/cit/bayonas/citmedconnect/mapper/UserMapper.java:[35,9] cannot find symbol
  symbol:   class UserEntity
  location: class edu.cit.bayonas.citmedconnect.mapper.UserMapper
[ERROR] /c:/Users/JAYLORD/OneDrive/Desktop/IT342-Bayonas-CitMedConnect/backend/src/main/java/edu/cit/bayonas/citmedconnect/mapper/UserMapper.java:[35,33] cannot find symbol
  symbol:   class UserEntity
  location: class edu.cit.bayonas.citmedconnect.mapper.UserMapper
[ERROR] /c:/Users/JAYLORD/OneDrive/Desktop/IT342-Bayonas-CitMedConnect/backend/src/main/java/edu/cit/bayonas/citmedconnect/service/UserService.java:[36,9] cannot find symbol
  symbol:   class UserEntity
  location: class edu.cit.bayonas.citmedconnect.service.UserService
[ERROR] /c:/Users/JAYLORD/OneDrive/Desktop/IT342-Bayonas-CitMedConnect/backend/src/main/java/edu/cit/bayonas/citmedconnect/service/UserService.java:[42,9] cannot find symbol
  symbol:   class UserEntity
  location: class edu.cit.bayonas.citmedconnect.service.UserService
[ERROR] /c:/Users/JAYLORD/OneDrive/Desktop/IT342-Bayonas-CitMedConnect/backend/src/main/java/edu/cit/bayonas/citmedconnect/service/UserService.java:[53,9] cannot find symbol
  symbol:   class UserEntity
  location: class edu.cit.bayonas.citmedconnect.service.UserService
[ERROR] /c:/Users/JAYLORD/OneDrive/Desktop/IT342-Bayonas-CitMedConnect/backend/src/main/java/edu/cit/bayonas/citmedconnect/service/UserService.java:[58,9] cannot find symbol
  symbol:   class UserEntity
  location: class edu.cit.bayonas.citmedconnect.service.UserService
[ERROR] /c:/Users/JAYLORD/OneDrive/Desktop/IT342-Bayonas-CitMedConnect/backend/src/main/java/edu/cit/bayonas/citmedconnect/service/UserService.java:[62,9] cannot find symbol
  symbol:   class UserEntity
  location: class edu.cit.bayonas.citmedconnect.service.UserService
[ERROR] /c:/Users/JAYLORD/OneDrive/Desktop/IT342-Bayonas-CitMedConnect/backend/src/main/java/edu/cit/bayonas/citmedconnect/service/UserService.java:[68,9] cannot find symbol
  symbol:   class UserEntity
  location: class edu.cit.bayonas.citmedconnect.service.UserService
[ERROR] /c:/Users/JAYLORD/OneDrive/Desktop/IT342-Bayonas-CitMedConnect/backend/src/main/java/edu/cit/bayonas/citmedconnect/service/UserService.java:[72,9] cannot find symbol
  symbol:   class UserEntity
  location: class edu.cit.bayonas.citmedconnect.service.UserService
[ERROR] /c:/Users/JAYLORD/OneDrive/Desktop/IT342-Bayonas-CitMedConnect/backend/src/main/java/edu/cit/bayonas/citmedconnect/service/UserService.java:[87,9] cannot find symbol
  symbol:   class UserEntity
  location: class edu.cit.bayonas.citmedconnect.service.UserService
[ERROR] /c:/Users/JAYLORD/OneDrive/Desktop/IT342-Bayonas-CitMedConnect/backend/src/main/java/edu/cit/bayonas/citmedconnect/service/UserService.java:[96,9] cannot find symbol
  symbol:   class UserEntity
  location: class edu.cit.bayonas.citmedconnect.service.UserService
[ERROR] /c:/Users/JAYLORD/OneDrive/Desktop/IT342-Bayonas-CitMedConnect/backend/src/main/java/edu/cit/bayonas/citmedconnect/service/UserService.java:[101,9] cannot find symbol
  symbol:   class UserEntity
  location: class edu.cit.bayonas.citmedconnect.service.UserService
[INFO] 37 errors 
[INFO] -------------------------------------------------------------
[INFO] ------------------------------------------------------------------------
[INFO] BUILD FAILURE
[INFO] ------------------------------------------------------------------------
[INFO] Total time:  4.433 s
[INFO] Finished at: 2026-05-07T16:31:15+08:00
[INFO] ------------------------------------------------------------------------
[ERROR] Failed to execute goal org.apache.maven.plugins:maven-compiler-plugin:3.14.1:compile (default-compile) on project citmedconnect: Compilation failure: Compilation failure: 
[ERROR] /c:/Users/JAYLORD/OneDrive/Desktop/IT342-Bayonas-CitMedConnect/backend/src/main/java/edu/cit/bayonas/citmedconnect/controller/AppointmentController.java:[4,44] cannot find symbol
[ERROR]   symbol:   class UserEntity
[ERROR]   location: package edu.cit.bayonas.citmedconnect.entity
[ERROR] /c:/Users/JAYLORD/OneDrive/Desktop/IT342-Bayonas-CitMedConnect/backend/src/main/java/edu/cit/bayonas/citmedconnect/controller/AppointmentController.java:[5,48] cannot find symbol
[ERROR]   symbol:   class UserRepository
[ERROR]   location: package edu.cit.bayonas.citmedconnect.repository
[ERROR] /c:/Users/JAYLORD/OneDrive/Desktop/IT342-Bayonas-CitMedConnect/backend/src/main/java/edu/cit/bayonas/citmedconnect/controller/AppointmentController.java:[25,13] cannot find symbol
[ERROR]   symbol:   class UserRepository
[ERROR]   location: class edu.cit.bayonas.citmedconnect.controller.AppointmentController
[ERROR] /c:/Users/JAYLORD/OneDrive/Desktop/IT342-Bayonas-CitMedConnect/backend/src/main/java/edu/cit/bayonas/citmedconnect/service/NotificationService.java:[17,48] cannot find symbol
[ERROR]   symbol:   class UserRepository
[ERROR]   location: package edu.cit.bayonas.citmedconnect.repository
[ERROR] /c:/Users/JAYLORD/OneDrive/Desktop/IT342-Bayonas-CitMedConnect/backend/src/main/java/edu/cit/bayonas/citmedconnect/service/NotificationService.java:[27,13] cannot find symbol
[ERROR]   symbol:   class UserRepository
[ERROR]   location: class edu.cit.bayonas.citmedconnect.service.NotificationService
[ERROR] /c:/Users/JAYLORD/OneDrive/Desktop/IT342-Bayonas-CitMedConnect/backend/src/main/java/edu/cit/bayonas/citmedconnect/service/MedicalRecordService.java:[9,48] cannot find symbol
[ERROR]   symbol:   class UserRepository
[ERROR]   location: package edu.cit.bayonas.citmedconnect.repository
[ERROR] /c:/Users/JAYLORD/OneDrive/Desktop/IT342-Bayonas-CitMedConnect/backend/src/main/java/edu/cit/bayonas/citmedconnect/service/MedicalRecordService.java:[28,13] cannot find symbol
[ERROR]   symbol:   class UserRepository
[ERROR]   location: class edu.cit.bayonas.citmedconnect.service.MedicalRecordService
[ERROR] /c:/Users/JAYLORD/OneDrive/Desktop/IT342-Bayonas-CitMedConnect/backend/src/main/java/edu/cit/bayonas/citmedconnect/mapper/MedicalRecordMapper.java:[7,48] cannot find symbol
[ERROR]   symbol:   class UserRepository
[ERROR]   location: package edu.cit.bayonas.citmedconnect.repository
[ERROR] /c:/Users/JAYLORD/OneDrive/Desktop/IT342-Bayonas-CitMedConnect/backend/src/main/java/edu/cit/bayonas/citmedconnect/mapper/MedicalRecordMapper.java:[16,13] cannot find symbol
[ERROR]   symbol:   class UserRepository
[ERROR]   location: class edu.cit.bayonas.citmedconnect.mapper.MedicalRecordMapper
[ERROR] /c:/Users/JAYLORD/OneDrive/Desktop/IT342-Bayonas-CitMedConnect/backend/src/main/java/edu/cit/bayonas/citmedconnect/controller/OAuth2Controller.java:[28,44] cannot find symbol
[ERROR]   symbol:   class UserEntity
[ERROR]   location: package edu.cit.bayonas.citmedconnect.entity
[ERROR] /c:/Users/JAYLORD/OneDrive/Desktop/IT342-Bayonas-CitMedConnect/backend/src/main/java/edu/cit/bayonas/citmedconnect/controller/TimeSlotController.java:[5,44] cannot find symbol
[ERROR]   symbol:   class UserEntity
[ERROR]   location: package edu.cit.bayonas.citmedconnect.entity
[ERROR] /c:/Users/JAYLORD/OneDrive/Desktop/IT342-Bayonas-CitMedConnect/backend/src/main/java/edu/cit/bayonas/citmedconnect/controller/TimeSlotController.java:[6,48] cannot find symbol
[ERROR]   symbol:   class UserRepository
[ERROR]   location: package edu.cit.bayonas.citmedconnect.repository
[ERROR] /c:/Users/JAYLORD/OneDrive/Desktop/IT342-Bayonas-CitMedConnect/backend/src/main/java/edu/cit/bayonas/citmedconnect/controller/TimeSlotController.java:[31,13] cannot find symbol
[ERROR]   symbol:   class UserRepository
[ERROR]   location: class edu.cit.bayonas.citmedconnect.controller.TimeSlotController
[ERROR] /c:/Users/JAYLORD/OneDrive/Desktop/IT342-Bayonas-CitMedConnect/backend/src/main/java/edu/cit/bayonas/citmedconnect/controller/TimeSlotController.java:[156,13] cannot find symbol
[ERROR]   symbol:   class UserEntity
[ERROR]   location: class edu.cit.bayonas.citmedconnect.controller.TimeSlotController
[ERROR] /c:/Users/JAYLORD/OneDrive/Desktop/IT342-Bayonas-CitMedConnect/backend/src/main/java/edu/cit/bayonas/citmedconnect/mapper/UserMapper.java:[6,44] cannot find symbol
[ERROR]   symbol:   class UserEntity
[ERROR]   location: package edu.cit.bayonas.citmedconnect.entity
[ERROR] /c:/Users/JAYLORD/OneDrive/Desktop/IT342-Bayonas-CitMedConnect/backend/src/main/java/edu/cit/bayonas/citmedconnect/mapper/UserMapper.java:[11,26] cannot find symbol
[ERROR]   symbol:   class UserEntity
[ERROR]   location: class edu.cit.bayonas.citmedconnect.mapper.UserMapper
[ERROR] /c:/Users/JAYLORD/OneDrive/Desktop/IT342-Bayonas-CitMedConnect/backend/src/main/java/edu/cit/bayonas/citmedconnect/mapper/UserMapper.java:[30,12] cannot find symbol
[ERROR]   symbol:   class UserEntity
[ERROR]   location: class edu.cit.bayonas.citmedconnect.mapper.UserMapper
[ERROR] /c:/Users/JAYLORD/OneDrive/Desktop/IT342-Bayonas-CitMedConnect/backend/src/main/java/edu/cit/bayonas/citmedconnect/mapper/UserMapper.java:[48,50] cannot find symbol
[ERROR]   symbol:   class UserEntity
[ERROR]   location: class edu.cit.bayonas.citmedconnect.mapper.UserMapper
[ERROR] /c:/Users/JAYLORD/OneDrive/Desktop/IT342-Bayonas-CitMedConnect/backend/src/main/java/edu/cit/bayonas/citmedconnect/service/UserService.java:[15,44] cannot find symbol
[ERROR]   symbol:   class UserEntity
[ERROR]   location: package edu.cit.bayonas.citmedconnect.entity
[ERROR] /c:/Users/JAYLORD/OneDrive/Desktop/IT342-Bayonas-CitMedConnect/backend/src/main/java/edu/cit/bayonas/citmedconnect/service/UserService.java:[17,48] cannot find symbol
[ERROR]   symbol:   class UserRepository
[ERROR]   location: package edu.cit.bayonas.citmedconnect.repository
[ERROR] /c:/Users/JAYLORD/OneDrive/Desktop/IT342-Bayonas-CitMedConnect/backend/src/main/java/edu/cit/bayonas/citmedconnect/service/UserService.java:[23,13] cannot find symbol
[ERROR]   symbol:   class UserRepository
[ERROR]   location: class edu.cit.bayonas.citmedconnect.service.UserService
[ERROR] /c:/Users/JAYLORD/OneDrive/Desktop/IT342-Bayonas-CitMedConnect/backend/src/main/java/edu/cit/bayonas/citmedconnect/controller/AppointmentController.java:[134,9] cannot find symbol
[ERROR]   symbol:   class UserEntity
[ERROR]   location: class edu.cit.bayonas.citmedconnect.controller.AppointmentController
[ERROR] /c:/Users/JAYLORD/OneDrive/Desktop/IT342-Bayonas-CitMedConnect/backend/src/main/java/edu/cit/bayonas/citmedconnect/controller/OAuth2Controller.java:[81,13] cannot find symbol
[ERROR]   symbol:   class UserEntity
[ERROR]   location: class edu.cit.bayonas.citmedconnect.controller.OAuth2Controller
[ERROR] /c:/Users/JAYLORD/OneDrive/Desktop/IT342-Bayonas-CitMedConnect/backend/src/main/java/edu/cit/bayonas/citmedconnect/controller/TimeSlotController.java:[152,9] cannot find symbol
[ERROR]   symbol:   class UserEntity
[ERROR]   location: class edu.cit.bayonas.citmedconnect.controller.TimeSlotController
[ERROR] /c:/Users/JAYLORD/OneDrive/Desktop/IT342-Bayonas-CitMedConnect/backend/src/main/java/edu/cit/bayonas/citmedconnect/controller/TimeSlotController.java:[161,9] cannot find symbol
[ERROR]   symbol:   class UserEntity
[ERROR]   location: class edu.cit.bayonas.citmedconnect.controller.TimeSlotController
[ERROR] /c:/Users/JAYLORD/OneDrive/Desktop/IT342-Bayonas-CitMedConnect/backend/src/main/java/edu/cit/bayonas/citmedconnect/mapper/UserMapper.java:[35,9] cannot find symbol
[ERROR]   symbol:   class UserEntity
[ERROR]   location: class edu.cit.bayonas.citmedconnect.mapper.UserMapper
[ERROR] /c:/Users/JAYLORD/OneDrive/Desktop/IT342-Bayonas-CitMedConnect/backend/src/main/java/edu/cit/bayonas/citmedconnect/mapper/UserMapper.java:[35,33] cannot find symbol
[ERROR]   symbol:   class UserEntity
[ERROR]   location: class edu.cit.bayonas.citmedconnect.mapper.UserMapper
[ERROR] /c:/Users/JAYLORD/OneDrive/Desktop/IT342-Bayonas-CitMedConnect/backend/src/main/java/edu/cit/bayonas/citmedconnect/service/UserService.java:[36,9] cannot find symbol
[ERROR]   symbol:   class UserEntity
[ERROR]   location: class edu.cit.bayonas.citmedconnect.service.UserService
[ERROR] /c:/Users/JAYLORD/OneDrive/Desktop/IT342-Bayonas-CitMedConnect/backend/src/main/java/edu/cit/bayonas/citmedconnect/service/UserService.java:[42,9] cannot find symbol
[ERROR]   symbol:   class UserEntity
[ERROR]   location: class edu.cit.bayonas.citmedconnect.service.UserService
[ERROR] /c:/Users/JAYLORD/OneDrive/Desktop/IT342-Bayonas-CitMedConnect/backend/src/main/java/edu/cit/bayonas/citmedconnect/service/UserService.java:[53,9] cannot find symbol
[ERROR]   symbol:   class UserEntity
[ERROR]   location: class edu.cit.bayonas.citmedconnect.service.UserService
[ERROR] /c:/Users/JAYLORD/OneDrive/Desktop/IT342-Bayonas-CitMedConnect/backend/src/main/java/edu/cit/bayonas/citmedconnect/service/UserService.java:[58,9] cannot find symbol
[ERROR]   symbol:   class UserEntity
[ERROR]   location: class edu.cit.bayonas.citmedconnect.service.UserService
[ERROR] /c:/Users/JAYLORD/OneDrive/Desktop/IT342-Bayonas-CitMedConnect/backend/src/main/java/edu/cit/bayonas/citmedconnect/service/UserService.java:[62,9] cannot find symbol
[ERROR]   symbol:   class UserEntity
[ERROR]   location: class edu.cit.bayonas.citmedconnect.service.UserService
[ERROR] /c:/Users/JAYLORD/OneDrive/Desktop/IT342-Bayonas-CitMedConnect/backend/src/main/java/edu/cit/bayonas/citmedconnect/service/UserService.java:[68,9] cannot find symbol
[ERROR]   symbol:   class UserEntity
[ERROR]   location: class edu.cit.bayonas.citmedconnect.service.UserService
[ERROR] /c:/Users/JAYLORD/OneDrive/Desktop/IT342-Bayonas-CitMedConnect/backend/src/main/java/edu/cit/bayonas/citmedconnect/service/UserService.java:[72,9] cannot find symbol
[ERROR]   symbol:   class UserEntity
[ERROR]   location: class edu.cit.bayonas.citmedconnect.service.UserService
[ERROR] /c:/Users/JAYLORD/OneDrive/Desktop/IT342-Bayonas-CitMedConnect/backend/src/main/java/edu/cit/bayonas/citmedconnect/service/UserService.java:[87,9] cannot find symbol
[ERROR]   symbol:   class UserEntity
[ERROR]   location: class edu.cit.bayonas.citmedconnect.service.UserService
[ERROR] /c:/Users/JAYLORD/OneDrive/Desktop/IT342-Bayonas-CitMedConnect/backend/src/main/java/edu/cit/bayonas/citmedconnect/service/UserService.java:[96,9] cannot find symbol
[ERROR]   symbol:   class UserEntity
[ERROR]   location: class edu.cit.bayonas.citmedconnect.service.UserService
[ERROR] /c:/Users/JAYLORD/OneDrive/Desktop/IT342-Bayonas-CitMedConnect/backend/src/main/java/edu/cit/bayonas/citmedconnect/service/UserService.java:[101,9] cannot find symbol
[ERROR]   symbol:   class UserEntity
[ERROR]   location: class edu.cit.bayonas.citmedconnect.service.UserService
[ERROR] -> [Help 1]
[ERROR] 
[ERROR] To see the full stack trace of the errors, re-run Maven with the -e switch.
[ERROR] Re-run Maven using the -X switch to enable full debug logging.
[ERROR] 
[ERROR] For more information about the errors and possible solutions, please read the following articles:
[ERROR] [Help 1] http://cwiki.apache.org/confluence/display/MAVEN/MojoFailureException
